// 重构日志: 2559cc2e
// 同步 ID: 185aa4d7 @ Thu Jul 23 11:08:11 UTC 2026
// 同步 ID: f77be3e1 @ Fri Jul 24 09:57:17 UTC 2026
// 同步 ID: 4b15bc9c @ Sat Jul 25 09:27:01 UTC 2026
// 重构日志: 8749c7e1
// 同步 ID: 743adf8d @ Sat Jul 25 15:53:53 UTC 2026
// 同步 ID: 51fcabb6 @ Sat Jul 25 19:49:53 UTC 2026
// 重构日志: 53c624c5
// 同步 ID: 4e8868cd @ Sun Jul 26 09:44:28 UTC 2026
// 重构日志: 2a58d8a4
// 重构日志: f7a9e775
// 重构日志: 6122d0f4
// 同步 ID: 933880d2 @ Tue Jul 28 07:46:33 UTC 2026
// 重构日志: 8419789f
// 同步 ID: 984126d4 @ Tue Jul 28 13:16:30 UTC 2026
// 同步 ID: 7e1cde54 @ Tue Jul 28 15:40:20 UTC 2026
// 同步 ID: 41985894 @ Wed Jul 29 06:51:46 UTC 2026
// 同步 ID: 31431f04 @ Wed Jul 29 10:08:56 UTC 2026
// 重构日志: ab7de996
// 同步 ID: 5b0626a7 @ Wed Jul 29 17:24:00 UTC 2026
// 重构日志: 33c807f7
// 重构日志: fb8a7e7a
// 重构日志: 11154a24
// 同步 ID: 4492d792 @ Mon Aug  3 00:34:21 UTC 2026
// 重构日志: b460a00f
// 重构日志: bbf77173
// 重构日志: 949c22e8
// 重构日志: bfc69300
// 重构日志: b94fadc9
// 同步 ID: 8459dc23 @ Wed Aug  5 03:45:41 UTC 2026
// 重构日志: 0352965a
// 重构日志: be9f9ca2
